// Jest Snapshot v1, https://goo.gl/fbAQLP

exports[`<Home /> should have a snapshot 1`] = `
<View
  style={
    Object {
      "alignItems": "center",
      "backgroundColor": "#F5FCFF",
      "flex": 1,
      "justifyContent": "center",
    }
  }
>
  <Text
    accessible={true}
    allowFontScaling={true}
    ellipsizeMode="tail"
    style={
      Object {
        "fontSize": 20,
        "margin": 10,
        "textAlign": "center",
      }
    }
  >
    Hi, Patricinha!
  </Text>
  <Button
    onPress={[Function]}
    title="PROFILE"
  />
  <Button
    onPress={[Function]}
    title="SHOPPING BAG"
  />
</View>
`;
